C51 COMPILER V9.54   MAIN                                                                  10/03/2017 22:33:42 PAGE 1   


C51 COMPILER V9.54, COMPILATION OF MODULE MAIN
OBJECT MODULE PLACED IN .\Objects\main.obj
COMPILER INVOKED BY: D:\keil\C51\BIN\C51.EXE main.c OPTIMIZE(8,SPEED) BROWSE DEBUG OBJECTEXTEND PRINT(.\Listings\main.ls
                    -t) TABS(2) OBJECT(.\Objects\main.obj)

line level    source

   1          #include"reg52.h"
   2          sbit spk=P0^0;
   3          unsigned char frq;
   4          void inittimer()
   5          {
   6   1        TMOD|=0x01;
   7   1        EA=1;
   8   1        ET0=1;
   9   1        TR0=1;
  10   1      }
  11          void delay(unsigned int i)
  12          {
  13   1        while(i--);
  14   1      }
  15          void main()
  16          {
  17   1        inittimer();
  18   1        while(1)
  19   1        {
  20   2          delay(100);
  21   2          frq++;
  22   2        }
  23   1      }
  24          void timer() interrupt 1 
  25          {
  26   1        TH0=0xfe;
  27   1        TL0=frq;
  28   1        spk=!spk;
  29   1      }


MODULE INFORMATION:   STATIC OVERLAYABLE
   CODE SIZE        =     44    ----
   CONSTANT SIZE    =   ----    ----
   XDATA SIZE       =   ----    ----
   PDATA SIZE       =   ----    ----
   DATA SIZE        =      1    ----
   IDATA SIZE       =   ----    ----
   BIT SIZE         =   ----    ----
END OF MODULE INFORMATION.


C51 COMPILATION COMPLETE.  0 WARNING(S),  0 ERROR(S)
