C51 COMPILER V9.54   MAIN                                                                  10/02/2017 13:19:23 PAGE 1   


C51 COMPILER V9.54, COMPILATION OF MODULE MAIN
OBJECT MODULE PLACED IN .\Objects\main.obj
COMPILER INVOKED BY: D:\keil\C51\BIN\C51.EXE main.c OPTIMIZE(8,SPEED) BROWSE DEBUG OBJECTEXTEND PRINT(.\Listings\main.ls
                    -t) TABS(2) OBJECT(.\Objects\main.obj)

line level    source

   1          #include"reg52.h"
   2          sbit LAT1=P2^0;
   3          sbit LAT2=P2^1;
   4          unsigned char code sumaguan[16]={0x3f,0x06,0x5b,0x4f,0x66,0x6d,0x7d,0x07,0x7f,0x6f,0x77,0x7c,0x39,0x5e,0x7
             -9,0x71
   5          };
   6          unsigned char code wei[8]={0xfe,0xfd,0xfb,0xf7,0xef,0xdf,0xbf,0x7f};
   7          unsigned char temp[8];
   8          void delay(unsigned int i)
   9          {
  10   1        while(i--);
  11   1      }
  12          void main()
  13          {
  14   1        unsigned char i;
  15   1        unsigned int j;
  16   1        while(1)
  17   1        {
  18   2          j++;
  19   2          for(i=0;i<8;i++)
  20   2          {
  21   3          temp[0]=sumaguan[j/10000];
  22   3          temp[1]=sumaguan[j/1000%10];
  23   3          temp[2]=sumaguan[j/100%10]; 
  24   3          temp[3]=sumaguan[j/10%10]|0x80;
  25   3          temp[4]=sumaguan[j%10];
  26   3          P0=wei[i];
  27   3          LAT1=1;
  28   3          LAT1=0;
  29   3          P0=temp[i];
  30   3          LAT2=1;
  31   3          LAT2=0;
  32   3          delay(200);
  33   3          }
  34   2        }
  35   1      }


MODULE INFORMATION:   STATIC OVERLAYABLE
   CODE SIZE        =    210    ----
   CONSTANT SIZE    =     24    ----
   XDATA SIZE       =   ----    ----
   PDATA SIZE       =   ----    ----
   DATA SIZE        =      8       2
   IDATA SIZE       =   ----    ----
   BIT SIZE         =   ----    ----
END OF MODULE INFORMATION.


C51 COMPILATION COMPLETE.  0 WARNING(S),  0 ERROR(S)
